../Core/Src/max30102_for_stm32_hal.c:25:6:max30102_plot	96	static
../Core/Src/max30102_for_stm32_hal.c:72:5:generateRandomHeartRate	24	static
../Core/Src/max30102_for_stm32_hal.c:77:6:USART1_Init	4	static
../Core/Src/max30102_for_stm32_hal.c:91:6:USART1_Write	16	static
../Core/Src/max30102_for_stm32_hal.c:97:6:USART1_WriteString	16	static
../Core/Src/max30102_for_stm32_hal.c:103:6:USART1_Read	4	static
../Core/Src/max30102_for_stm32_hal.c:108:6:printb	48	static
../Core/Src/max30102_for_stm32_hal.c:128:6:max30102_init	16	static
../Core/Src/max30102_for_stm32_hal.c:144:6:max30102_write	40	static
../Core/Src/max30102_for_stm32_hal.c:162:6:max30102_read	40	static
../Core/Src/max30102_for_stm32_hal.c:174:6:max30102_reset	24	static
../Core/Src/max30102_for_stm32_hal.c:186:6:max30102_set_a_full	24	static
../Core/Src/max30102_for_stm32_hal.c:201:6:max30102_set_ppg_rdy	24	static
../Core/Src/max30102_for_stm32_hal.c:216:6:max30102_set_alc_ovf	24	static
../Core/Src/max30102_for_stm32_hal.c:231:6:max30102_set_die_temp_rdy	24	static
../Core/Src/max30102_for_stm32_hal.c:243:6:max30102_set_die_temp_en	24	static
../Core/Src/max30102_for_stm32_hal.c:254:6:max30102_on_interrupt	16	static
../Core/Src/max30102_for_stm32_hal.c:265:9:max30102_has_interrupt	16	static
../Core/Src/max30102_for_stm32_hal.c:275:6:max30102_interrupt_handler	24	static
../Core/Src/max30102_for_stm32_hal.c:320:6:max30102_shutdown	24	static
../Core/Src/max30102_for_stm32_hal.c:334:6:max30102_set_mode	24	static
../Core/Src/max30102_for_stm32_hal.c:349:6:max30102_set_sampling_rate	24	static
../Core/Src/max30102_for_stm32_hal.c:363:6:max30102_set_led_pulse_width	24	static
../Core/Src/max30102_for_stm32_hal.c:377:6:max30102_set_adc_resolution	24	static
../Core/Src/max30102_for_stm32_hal.c:391:6:max30102_set_led_current_1	24	static
../Core/Src/max30102_for_stm32_hal.c:403:6:max30102_set_led_current_2	24	static
../Core/Src/max30102_for_stm32_hal.c:416:6:max30102_set_multi_led_slot_1_2	24	static
../Core/Src/max30102_for_stm32_hal.c:430:6:max30102_set_multi_led_slot_3_4	24	static
../Core/Src/max30102_for_stm32_hal.c:445:6:max30102_set_fifo_config	24	static
../Core/Src/max30102_for_stm32_hal.c:459:6:max30102_clear_fifo	24	static
../Core/Src/max30102_for_stm32_hal.c:472:6:max30102_read_fifo	40	static
../Core/Src/max30102_for_stm32_hal.c:509:6:max30102_read_temp	24	static
